// Jest Snapshot v1, https://goo.gl/fbAQLP

exports[`AccountList renders without error 1`] = `
<View
  style={
    {
      "flexDirection": "column",
      "flexShrink": 1,
    }
  }
>
  ExpoLinearGradient
  <RCTScrollView
    collapsable={false}
    data={
      [
        {
          "type": 0,
        },
        {
          "account": {
            "account": {
              "address": "0x82D56A352367453f74FC0dC7B071b311da373Fa6",
              "backups": [
                "cloud",
              ],
              "derivationIndex": 0,
              "mnemonicId": "0x82D56A352367453f74FC0dC7B071b311da373Fa6",
              "name": "Test Account",
              "timeImportedMs": 10,
              "type": "signerMnemonic",
            },
            "isPortfolioValueLoading": false,
            "portfolioValue": 55,
          },
          "type": 1,
        },
      ]
    }
    getItem={[Function]}
    getItemCount={[Function]}
    handlerTag={1}
    handlerType="NativeViewGestureHandler"
    keyExtractor={[Function]}
    onContentSizeChange={[Function]}
    onGestureHandlerEvent={[Function]}
    onGestureHandlerStateChange={[Function]}
    onLayout={[Function]}
    onMomentumScrollBegin={[Function]}
    onMomentumScrollEnd={[Function]}
    onScroll={[Function]}
    onScrollBeginDrag={[Function]}
    onScrollEndDrag={[Function]}
    removeClippedSubviews={false}
    renderItem={[Function]}
    renderScrollComponent={[Function]}
    scrollEventThrottle={0.0001}
    stickyHeaderIndices={[]}
    viewabilityConfigCallbackPairs={[]}
    waitFor={
      [
        {
          "current": null,
        },
        {
          "current": null,
        },
      ]
    }
  >
    <View>
      <View
        onFocusCapture={[Function]}
        onLayout={[Function]}
        style={null}
      >
        <View
          style={
            {
              "flex": 1,
              "flexDirection": "column",
              "paddingBottom": 8,
              "paddingLeft": 24,
              "paddingRight": 24,
              "paddingTop": 8,
            }
          }
        >
          <Text
            allowFontScaling={true}
            maxFontSizeMultiplier={1.4}
            style={
              {
                "color": {
                  "dynamic": {
                    "dark": "#9B9B9B",
                    "light": "#7D7D7D",
                  },
                },
                "fontFamily": "Basel Grotesk",
                "fontSize": 17,
                "fontWeight": "400",
                "lineHeight": 24,
              }
            }
            suppressHighlighting={true}
          >
            Your other wallets
          </Text>
        </View>
      </View>
      <View
        onFocusCapture={[Function]}
        onLayout={[Function]}
        style={null}
      >
        <View
          actions={
            [
              {
                "systemIcon": "doc.on.doc",
                "title": "Copy wallet address",
              },
              {
                "systemIcon": "gearshape",
                "title": "Wallet settings",
              },
              {
                "destructive": true,
                "systemIcon": "trash",
                "title": "Remove wallet",
              },
            ]
          }
          onPress={[Function]}
        >
          <View
            hitSlop={
              {
                "bottom": 5,
                "left": 5,
                "right": 5,
                "top": 5,
              }
            }
            style={
              {
                "flexDirection": "column",
                "opacity": 1,
                "paddingBottom": 12,
                "paddingLeft": 24,
                "paddingRight": 24,
                "paddingTop": 8,
                "transform": [
                  {
                    "scale": 1,
                  },
                ],
              }
            }
          >
            <View
              style={
                {
                  "alignItems": "flex-start",
                  "flexDirection": "row",
                  "gap": 16,
                }
              }
              testID="account-item/0x82D56A352367453f74FC0dC7B071b311da373Fa6"
            >
              <View
                style={
                  {
                    "flex": 1,
                    "flexDirection": "column",
                  }
                }
              >
                <View
                  onLayout={[Function]}
                  style={
                    {
                      "alignItems": "center",
                      "flexDirection": "row",
                      "flexShrink": 1,
                      "gap": 12,
                    }
                  }
                >
                  <View
                    style={
                      {
                        "flexDirection": "column",
                        "position": "relative",
                      }
                    }
                  >
                    <View
                      style={
                        {
                          "backgroundColor": {
                            "dynamic": {
                              "dark": "transparent",
                              "light": "transparent",
                            },
                          },
                          "borderBottomColor": {
                            "dynamic": {
                              "dark": "transparent",
                              "light": "transparent",
                            },
                          },
                          "borderBottomLeftRadius": 999999,
                          "borderBottomRightRadius": 999999,
                          "borderBottomWidth": 0,
                          "borderLeftColor": {
                            "dynamic": {
                              "dark": "transparent",
                              "light": "transparent",
                            },
                          },
                          "borderLeftWidth": 0,
                          "borderRightColor": {
                            "dynamic": {
                              "dark": "transparent",
                              "light": "transparent",
                            },
                          },
                          "borderRightWidth": 0,
                          "borderStyle": "solid",
                          "borderTopColor": {
                            "dynamic": {
                              "dark": "transparent",
                              "light": "transparent",
                            },
                          },
                          "borderTopLeftRadius": 999999,
                          "borderTopRightRadius": 999999,
                          "borderTopWidth": 0,
                          "flexDirection": "column",
                          "position": "relative",
                        }
                      }
                      testID="account-icon"
                    >
                      <View
                        style={
                          {
                            "flexDirection": "column",
                            "height": 36,
                            "width": 36,
                          }
                        }
                      >
                        <View
                          style={
                            {
                              "height": 36,
                              "width": 36,
                            }
                          }
                        >
                          <View
                            color="#00C3A01F"
                            cx={18}
                            cy={18}
                            r={18}
                          />
                          <View
                            transform={
                              [
                                {
                                  "translateX": 6,
                                },
                                {
                                  "translateY": 6,
                                },
                              ]
                            }
                          >
                            <View
                              transform={
                                [
                                  {
                                    "scale": 0.5,
                                  },
                                ]
                              }
                            >
                              <View
                                clip-rule="evenodd"
                                color="#00C3A0"
                                fillType="evenOdd"
                                path="M20.9454 0.0175773C22.4936 -0.167833 23.763 1.13917 23.763 2.72944V21.3625C23.763 22.9527 22.4993 24.2419 20.9405 24.2419L2.67549 24.2419C1.11665 24.2419 -0.16452 22.9469 0.0172307 21.3675C1.30306 10.1936 9.99222 1.32931 20.9454 0.0175773Z"
                                strokeWidth={1}
                              />
                              <View
                                clip-rule="evenodd"
                                color="#00C3A0"
                                fillType="evenOdd"
                                path="M27.0546 47.9824C25.5064 48.1678 24.237 46.8608 24.237 45.2706V26.6375C24.237 25.0473 25.5007 23.7581 27.0595 23.7581L45.3245 23.7581C46.8833 23.7581 48.1645 25.0531 47.9828 26.6325C46.6969 37.8064 38.0078 46.6707 27.0546 47.9824Z"
                                strokeWidth={1}
                              />
                            </View>
                          </View>
                        </View>
                      </View>
                    </View>
                  </View>
                  <View
                    style={
                      {
                        "alignItems": "flex-start",
                        "flexDirection": "column",
                        "flexShrink": 1,
                        "gap": 2,
                      }
                    }
                  >
                    <View
                      style={
                        {
                          "alignItems": "center",
                          "flexDirection": "row",
                          "gap": 12,
                          "justifyContent": "center",
                        }
                      }
                    >
                      <View
                        style={
                          {
                            "alignItems": "center",
                            "flexDirection": "row",
                            "gap": 4,
                            "justifyContent": "center",
                          }
                        }
                      >
                        <Text
                          adjustsFontSizeToFit={true}
                          allowFontScaling={true}
                          ellipsizeMode="tail"
                          maxFontSizeMultiplier={1.4}
                          numberOfLines={1}
                          style={
                            {
                              "color": {
                                "dynamic": {
                                  "dark": "#FFFFFF",
                                  "light": "#222222",
                                },
                              },
                              "flexShrink": 1,
                              "fontFamily": "Basel Grotesk",
                              "fontSize": 19,
                              "fontWeight": "400",
                              "lineHeight": 24,
                              "overflow": "hidden",
                            }
                          }
                          suppressHighlighting={true}
                          testID="address-display/name/0x​82D5...3Fa6"
                        >
                          0x​82D5...3Fa6
                        </Text>
                      </View>
                    </View>
                  </View>
                </View>
              </View>
              <Text
                allowFontScaling={true}
                maxFontSizeMultiplier={1.4}
                style={
                  {
                    "color": {
                      "dynamic": {
                        "dark": "#9B9B9B",
                        "light": "#7D7D7D",
                      },
                    },
                    "fontFamily": "Basel Grotesk",
                    "fontSize": 17,
                    "fontWeight": "400",
                    "lineHeight": 24,
                  }
                }
                suppressHighlighting={true}
              >
                $55.00
              </Text>
            </View>
          </View>
        </View>
      </View>
    </View>
  </RCTScrollView>
  ExpoLinearGradient
</View>
`;
