// Jest Snapshot v1, https://goo.gl/fbAQLP

exports[`FavoriteWalletCard renders without error 1`] = `
<View
  collapsable={false}
  jestAnimatedStyle={
    {
      "value": {
        "opacity": 1,
      },
    }
  }
  style={
    {
      "flexDirection": "column",
      "opacity": 1,
    }
  }
>
  <View
    actions={
      [
        {
          "systemIcon": "heart.fill",
          "title": "Remove favorite",
        },
        {
          "systemIcon": "square.and.pencil",
          "title": "Edit favorites",
        },
      ]
    }
    disabled={false}
    onPress={[Function]}
    style={
      {
        "borderRadius": 16,
      }
    }
  >
    <View
      disabled={false}
      hitSlop={
        {
          "bottom": 5,
          "left": 5,
          "right": 5,
          "top": 5,
        }
      }
      style={
        {
          "backgroundColor": {
            "dynamic": {
              "dark": "#131313",
              "light": "#FFFFFF",
            },
          },
          "borderBottomColor": "rgba(34,34,34,0.05)",
          "borderBottomLeftRadius": 16,
          "borderBottomRightRadius": 16,
          "borderBottomWidth": 1,
          "borderLeftColor": "rgba(34,34,34,0.05)",
          "borderLeftWidth": 1,
          "borderRightColor": "rgba(34,34,34,0.05)",
          "borderRightWidth": 1,
          "borderStyle": "solid",
          "borderTopColor": "rgba(34,34,34,0.05)",
          "borderTopLeftRadius": 16,
          "borderTopRightRadius": 16,
          "borderTopWidth": 1,
          "flexDirection": "column",
          "marginBottom": 4,
          "marginLeft": 4,
          "marginRight": 4,
          "marginTop": 4,
          "opacity": 1,
          "shadowColor": "rgb(0,0,0)",
          "shadowOffset": {
            "height": 1,
            "width": 0,
          },
          "shadowOpacity": 0.0196078431372549,
          "shadowRadius": 6,
          "transform": [
            {
              "scale": 1,
            },
          ],
        }
      }
      testID="favorite-wallet-card"
    >
      <View
        style={
          {
            "flexDirection": "row",
            "gap": 4,
            "justifyContent": "space-between",
            "paddingBottom": 12,
            "paddingLeft": 12,
            "paddingRight": 12,
            "paddingTop": 12,
          }
        }
      >
        <View
          style={
            {
              "alignItems": "center",
              "flexDirection": "row",
              "flexShrink": 1,
              "gap": 8,
            }
          }
        >
          <View
            style={
              {
                "backgroundColor": {
                  "dynamic": {
                    "dark": "transparent",
                    "light": "transparent",
                  },
                },
                "borderBottomColor": {
                  "dynamic": {
                    "dark": "transparent",
                    "light": "transparent",
                  },
                },
                "borderBottomLeftRadius": 999999,
                "borderBottomRightRadius": 999999,
                "borderBottomWidth": 0,
                "borderLeftColor": {
                  "dynamic": {
                    "dark": "transparent",
                    "light": "transparent",
                  },
                },
                "borderLeftWidth": 0,
                "borderRightColor": {
                  "dynamic": {
                    "dark": "transparent",
                    "light": "transparent",
                  },
                },
                "borderRightWidth": 0,
                "borderStyle": "solid",
                "borderTopColor": {
                  "dynamic": {
                    "dark": "transparent",
                    "light": "transparent",
                  },
                },
                "borderTopLeftRadius": 999999,
                "borderTopRightRadius": 999999,
                "borderTopWidth": 0,
                "flexDirection": "column",
                "position": "relative",
              }
            }
            testID="account-icon"
          >
            <View
              style={
                {
                  "flexDirection": "column",
                  "height": 20,
                  "width": 20,
                }
              }
            >
              <View
                style={
                  {
                    "height": 20,
                    "width": 20,
                  }
                }
              >
                <View
                  color="#00C3A01F"
                  cx={10}
                  cy={10}
                  r={10}
                />
                <View
                  transform={
                    [
                      {
                        "translateX": 3.333333333333333,
                      },
                      {
                        "translateY": 3.333333333333333,
                      },
                    ]
                  }
                >
                  <View
                    transform={
                      [
                        {
                          "scale": 0.2777777777777778,
                        },
                      ]
                    }
                  >
                    <View
                      clip-rule="evenodd"
                      color="#00C3A0"
                      fillType="evenOdd"
                      path="M20.9454 0.0175773C22.4936 -0.167833 23.763 1.13917 23.763 2.72944V21.3625C23.763 22.9527 22.4993 24.2419 20.9405 24.2419L2.67549 24.2419C1.11665 24.2419 -0.16452 22.9469 0.0172307 21.3675C1.30306 10.1936 9.99222 1.32931 20.9454 0.0175773Z"
                      strokeWidth={1}
                    />
                    <View
                      clip-rule="evenodd"
                      color="#00C3A0"
                      fillType="evenOdd"
                      path="M27.0546 47.9824C25.5064 48.1678 24.237 46.8608 24.237 45.2706V26.6375C24.237 25.0473 25.5007 23.7581 27.0595 23.7581L45.3245 23.7581C46.8833 23.7581 48.1645 25.0531 47.9828 26.6325C46.6969 37.8064 38.0078 46.6707 27.0546 47.9824Z"
                      strokeWidth={1}
                    />
                  </View>
                </View>
              </View>
            </View>
          </View>
          <View
            style={
              {
                "alignItems": "center",
                "flexDirection": "row",
                "justifyContent": "center",
              }
            }
          >
            <Text
              adjustsFontSizeToFit={true}
              allowFontScaling={true}
              ellipsizeMode="tail"
              maxFontSizeMultiplier={1.4}
              numberOfLines={1}
              style={
                {
                  "color": {
                    "dynamic": {
                      "dark": "#FFFFFF",
                      "light": "#222222",
                    },
                  },
                  "flexShrink": 1,
                  "fontFamily": "Basel Grotesk",
                  "fontSize": 19,
                  "fontWeight": "400",
                  "lineHeight": 24,
                  "overflow": "hidden",
                }
              }
              suppressHighlighting={true}
            >
              0xâ€‹82D5...3Fa6
            </Text>
          </View>
        </View>
        <View
          collapsable={false}
          disabled={true}
          hitSlop={
            {
              "bottom": 5,
              "left": 5,
              "right": 5,
              "top": 5,
            }
          }
          jestAnimatedStyle={
            {
              "value": {
                "opacity": 0,
              },
            }
          }
          style={
            {
              "alignItems": "center",
              "backgroundColor": {
                "dynamic": {
                  "dark": "#5E5E5E",
                  "light": "#BFBFBF",
                },
              },
              "borderBottomLeftRadius": 999999,
              "borderBottomRightRadius": 999999,
              "borderTopLeftRadius": 999999,
              "borderTopRightRadius": 999999,
              "flexDirection": "column",
              "height": 24,
              "justifyContent": "center",
              "opacity": 0,
              "transform": [
                {
                  "scale": 1,
                },
              ],
              "width": 24,
              "zIndex": 1080,
            }
          }
          testID="explore/remove-button"
        >
          <View
            style={
              {
                "backgroundColor": {
                  "dynamic": {
                    "dark": "#131313",
                    "light": "#FFFFFF",
                  },
                },
                "borderBottomLeftRadius": 12,
                "borderBottomRightRadius": 12,
                "borderTopLeftRadius": 12,
                "borderTopRightRadius": 12,
                "flexDirection": "column",
                "height": 2,
                "width": 10,
              }
            }
          />
        </View>
      </View>
    </View>
  </View>
</View>
`;
