// Jest Snapshot v1, https://goo.gl/fbAQLP

exports[`FavoriteTokenCard renders without error 1`] = `
<View
  onLayout={[Function]}
  style={
    {
      "flexDirection": "column",
      "opacity": 0,
    }
  }
  testID="shimmer-placeholder"
>
  <View
    sentry-label="FlexLoader"
    style={
      {
        "flexDirection": "column",
      }
    }
  >
    <View
      style={
        {
          "backgroundColor": {
            "dynamic": {
              "dark": "rgba(255,255,255,0.12)",
              "light": "rgba(34,34,34,0.05)",
            },
          },
          "borderBottomLeftRadius": 16,
          "borderBottomRightRadius": 16,
          "borderTopLeftRadius": 16,
          "borderTopRightRadius": 16,
          "flexDirection": "column",
          "height": 114,
          "width": "100%",
        }
      }
      testID="loader/favorite"
    />
  </View>
</View>
`;
