// Jest Snapshot v1, https://goo.gl/fbAQLP

exports[`RemoveButton renders without error 1`] = `
<View
  collapsable={false}
  disabled={false}
  hitSlop={
    {
      "bottom": 5,
      "left": 5,
      "right": 5,
      "top": 5,
    }
  }
  jestAnimatedStyle={
    {
      "value": {
        "opacity": 1,
      },
    }
  }
  style={
    {
      "alignItems": "center",
      "backgroundColor": {
        "dynamic": {
          "dark": "#5E5E5E",
          "light": "#BFBFBF",
        },
      },
      "borderBottomLeftRadius": 999999,
      "borderBottomRightRadius": 999999,
      "borderTopLeftRadius": 999999,
      "borderTopRightRadius": 999999,
      "flexDirection": "column",
      "height": 24,
      "justifyContent": "center",
      "opacity": 1,
      "transform": [
        {
          "scale": 1,
        },
      ],
      "width": 24,
      "zIndex": 1080,
    }
  }
  testID="explore/remove-button"
>
  <View
    style={
      {
        "backgroundColor": {
          "dynamic": {
            "dark": "#131313",
            "light": "#FFFFFF",
          },
        },
        "borderBottomLeftRadius": 12,
        "borderBottomRightRadius": 12,
        "borderTopLeftRadius": 12,
        "borderTopRightRadius": 12,
        "flexDirection": "column",
        "height": 2,
        "width": 10,
      }
    }
  />
</View>
`;
