// Jest Snapshot v1, https://goo.gl/fbAQLP

exports[`UnsupportedCurrencyFooter.tsx with unsupported tokens renders 1`] = `
<DocumentFragment>
  .c1 {
  box-sizing: border-box;
  margin: 0;
  min-width: 0;
  -webkit-appearance: none;
  -moz-appearance: none;
  appearance: none;
  display: inline-block;
  text-align: center;
  line-height: inherit;
  -webkit-text-decoration: none;
  text-decoration: none;
  font-size: inherit;
  padding-left: 16px;
  padding-right: 16px;
  padding-top: 8px;
  padding-bottom: 8px;
  color: white;
  background-color: primary;
  border: 0;
  border-radius: 4px;
  padding: 0;
}

.c2 {
  padding: 0;
  width: 100%;
  line-height: 24px;
  font-weight: 535;
  text-align: center;
  border-radius: 16px;
  outline: none;
  border: 1px solid transparent;
  color: #222222;
  -webkit-text-decoration: none;
  text-decoration: none;
  display: -webkit-box;
  display: -webkit-flex;
  display: -ms-flexbox;
  display: flex;
  -webkit-box-pack: center;
  -webkit-justify-content: center;
  -ms-flex-pack: center;
  justify-content: center;
  -webkit-flex-wrap: nowrap;
  -ms-flex-wrap: nowrap;
  flex-wrap: nowrap;
  -webkit-align-items: center;
  -webkit-box-align: center;
  -ms-flex-align: center;
  align-items: center;
  cursor: pointer;
  position: relative;
  z-index: 1;
  will-change: transform;
  -webkit-transition: -webkit-transform 450ms ease;
  -webkit-transition: transform 450ms ease;
  transition: transform 450ms ease;
  -webkit-transform: perspective(1px) translateZ(0);
  -ms-transform: perspective(1px) translateZ(0);
  transform: perspective(1px) translateZ(0);
}

.c2:disabled {
  opacity: 50%;
  cursor: auto;
  pointer-events: none;
}

.c2 > * {
  -webkit-user-select: none;
  -moz-user-select: none;
  -ms-user-select: none;
  user-select: none;
}

.c2 > a {
  -webkit-text-decoration: none;
  text-decoration: none;
}

.c3 {
  background-color: transparent;
  color: #FC72FF;
  display: -webkit-box;
  display: -webkit-flex;
  display: -ms-flexbox;
  display: flex;
  -webkit-box-pack: center;
  -webkit-justify-content: center;
  -ms-flex-pack: center;
  justify-content: center;
  -webkit-align-items: center;
  -webkit-box-align: center;
  -ms-flex-align: center;
  align-items: center;
}

.c3:focus {
  -webkit-text-decoration: underline;
  text-decoration: underline;
}

.c3:hover {
  -webkit-text-decoration: none;
  text-decoration: none;
}

.c3:active {
  -webkit-text-decoration: none;
  text-decoration: none;
}

.c3:disabled {
  opacity: 50%;
  cursor: auto;
}

.c0 {
  padding-top: calc(16px + 2rem);
  padding-bottom: 20px;
  margin-left: auto;
  margin-right: auto;
  margin-top: -2rem;
  width: 100%;
  max-width: 400px;
  border-bottom-left-radius: 20px;
  border-bottom-right-radius: 20px;
  color: #7D7D7D;
  background-color: #F9F9F9;
  z-index: 0;
  -webkit-transform: translateY(0%);
  -ms-transform: translateY(0%);
  transform: translateY(0%);
  -webkit-transition: -webkit-transform 300ms ease-in-out;
  -webkit-transition: transform 300ms ease-in-out;
  transition: transform 300ms ease-in-out;
  text-align: center;
}

.c4 {
  -webkit-text-decoration: none;
  text-decoration: none;
}

<span
    class=""
    style="display: contents;"
  >
    <span
      class=" _dsp_contents"
    >
      <span
        class=" t_light _dsp_contents is_Theme"
      >
        <div
          class="c0"
        >
          <span
            class="font_unset _display-inline _boxSizing-border-box _wordWrap-break-word _whiteSpace-pre-wrap _position-absolute _width-1px _height-1px _mt--1px _mr--1px _mb--1px _ml--1px _zIndex--10000 _overflowX-hidden _overflowY-hidden _opacity-1e-8 _pointerEvents-none"
          >
            <h2
              class="is_DialogTitle font_heading _display-inline _boxSizing-border-box _wordWrap-break-word _fontFamily-f-family _color-color _fontWeight-f-weight-me3083741 _fontSize-f-size-medi3736 _lineHeight-f-lineHeigh507465454 _userSelect-auto _whiteSpace-normal _mt-0px _mr-0px _mb-0px _ml-0px"
              data-disable-theme="true"
              id="title-:r1:"
              role="heading"
            />
          </span>
          <button
            class="c1 c2 c3 c4"
            data-testid="read-more-button"
          >
            <span
              class="font_body _display-inline _boxSizing-border-box _whiteSpace-pre-wrap _mt-0px _mr-0px _mb-0px _ml-0px _color-accent1 _fontFamily-f-family _wordWrap-break-word _fontSize-f-size-medi3736 _lineHeight-f-lineHeigh507465454 _fontWeight-f-weight-bo3548"
              data-disable-theme="true"
            >
              Read more about unsupported assets
            </span>
          </button>
        </div>
      </span>
    </span>
  </span>
</DocumentFragment>
`;
