// Jest Snapshot v1, https://goo.gl/fbAQLP

exports[`TokenLinkCell renders known token on a different chain 1`] = `
<DocumentFragment>
  .c2 {
  display: -webkit-box;
  display: -webkit-flex;
  display: -ms-flexbox;
  display: flex;
  gap: 2px;
  position: relative;
  top: 0;
  left: 0;
}

.c2 img {
  width: 16px;
  height: 16px;
  border-radius: 50%;
}

.c3 {
  width: 8px;
  height: 16px;
  border-radius: 50%;
}

.c4 {
  background-color: #F9F9F9;
  border-radius: 2px;
  width: 6px;
  height: 6px;
  left: 60%;
  position: absolute;
  top: 60%;
  outline: 2px solid #FFFFFF;
  display: -webkit-box;
  display: -webkit-flex;
  display: -ms-flexbox;
  display: flex;
  -webkit-align-items: center;
  -webkit-box-align: center;
  -ms-flex-align: center;
  align-items: center;
  -webkit-box-pack: center;
  -webkit-justify-content: center;
  -ms-flex-pack: center;
  justify-content: center;
}

.c1 {
  display: -webkit-box;
  display: -webkit-flex;
  display: -ms-flexbox;
  display: flex;
  -webkit-align-items: center;
  -webkit-box-align: center;
  -ms-flex-align: center;
  align-items: center;
  position: relative;
  top: 0;
  left: 0;
}

.c0 {
  -webkit-text-decoration: none;
  text-decoration: none;
  -webkit-text-decoration: none;
  text-decoration: none;
  cursor: pointer;
  -webkit-transition-duration: 125ms;
  transition-duration: 125ms;
  color: #222222;
}

.c0:hover {
  opacity: 0.6;
}

.c0:active {
  opacity: 0.4;
}

<span
    class=""
    style="display: contents;"
  >
    <span
      class=" _dsp_contents"
    >
      <span
        class=" t_light _dsp_contents is_Theme"
      >
        <a
          class="c0"
          href="/explore/tokens/polygon/0xa0b86991c6218b36c1d19d4a2e9eb0ce3606eb48"
        >
          <div
            class="_display-flex _alignItems-stretch _flexBasis-auto _boxSizing-border-box _position-relative _minHeight-0px _minWidth-0px _flexShrink-0 _flexDirection-row _gap-t-space-gap52 _maxWidth-68px"
          >
            <div
              class="c1"
            >
              <div
                class="_display-flex _alignItems-stretch _flexBasis-auto _boxSizing-border-box _minHeight-0px _minWidth-0px _flexShrink-0 _flexDirection-column _position-relative"
              >
                <div
                  class="c2"
                  size="16"
                >
                  <img
                    class="c3"
                    size="16"
                    src="https://raw.githubusercontent.com/Uniswap/assets/master/blockchains/ethereum/assets/0xA0b86991c6218b36c1d19D4a2e9Eb0cE3606eB48/logo.png"
                  />
                </div>
              </div>
              <div
                class="c4"
              >
                <img
                  alt="Polygon logo"
                  aria-labelledby="titleID"
                  height="100%"
                  src="polygon-logo.png"
                  style="border-radius: 2px;"
                  width="100%"
                />
              </div>
            </div>
            <span
              class="font_body _display-inline _boxSizing-border-box _mt-0px _mr-0px _mb-0px _ml-0px _color-neutral1 _fontFamily-f-family _wordWrap-break-word _fontSize-f-size-medi3736 _lineHeight-f-lineHeigh507465454 _fontWeight-f-weight-bo3548 _whiteSpace-nowrap _overflowX-hidden _overflowY-hidden _textOverflow-ellipsis"
              data-disable-theme="true"
            >
              USDC
            </span>
          </div>
        </a>
      </span>
    </span>
  </span>
</DocumentFragment>
`;

exports[`TokenLinkCell renders known token on mainnet 1`] = `
<DocumentFragment>
  .c2 {
  display: -webkit-box;
  display: -webkit-flex;
  display: -ms-flexbox;
  display: flex;
  gap: 2px;
  position: relative;
  top: 0;
  left: 0;
}

.c2 img {
  width: 16px;
  height: 16px;
  border-radius: 50%;
}

.c3 {
  width: 8px;
  height: 16px;
  border-radius: 50%;
}

.c1 {
  display: -webkit-box;
  display: -webkit-flex;
  display: -ms-flexbox;
  display: flex;
  -webkit-align-items: center;
  -webkit-box-align: center;
  -ms-flex-align: center;
  align-items: center;
  position: relative;
  top: 0;
  left: 0;
}

.c0 {
  -webkit-text-decoration: none;
  text-decoration: none;
  -webkit-text-decoration: none;
  text-decoration: none;
  cursor: pointer;
  -webkit-transition-duration: 125ms;
  transition-duration: 125ms;
  color: #222222;
}

.c0:hover {
  opacity: 0.6;
}

.c0:active {
  opacity: 0.4;
}

<span
    class=""
    style="display: contents;"
  >
    <span
      class=" _dsp_contents"
    >
      <span
        class=" t_light _dsp_contents is_Theme"
      >
        <a
          class="c0"
          href="/explore/tokens/ethereum/0xa0b86991c6218b36c1d19d4a2e9eb0ce3606eb48"
        >
          <div
            class="_display-flex _alignItems-stretch _flexBasis-auto _boxSizing-border-box _position-relative _minHeight-0px _minWidth-0px _flexShrink-0 _flexDirection-row _gap-t-space-gap52 _maxWidth-68px"
          >
            <div
              class="c1"
            >
              <div
                class="_display-flex _alignItems-stretch _flexBasis-auto _boxSizing-border-box _minHeight-0px _minWidth-0px _flexShrink-0 _flexDirection-column _position-relative"
              >
                <div
                  class="c2"
                  size="16"
                >
                  <img
                    class="c3"
                    size="16"
                    src="https://raw.githubusercontent.com/Uniswap/assets/master/blockchains/ethereum/assets/0xA0b86991c6218b36c1d19D4a2e9Eb0cE3606eB48/logo.png"
                  />
                </div>
              </div>
            </div>
            <span
              class="font_body _display-inline _boxSizing-border-box _mt-0px _mr-0px _mb-0px _ml-0px _color-neutral1 _fontFamily-f-family _wordWrap-break-word _fontSize-f-size-medi3736 _lineHeight-f-lineHeigh507465454 _fontWeight-f-weight-bo3548 _whiteSpace-nowrap _overflowX-hidden _overflowY-hidden _textOverflow-ellipsis"
              data-disable-theme="true"
            >
              USDC
            </span>
          </div>
        </a>
      </span>
    </span>
  </span>
</DocumentFragment>
`;

exports[`TokenLinkCell renders unknown token 1`] = `
<DocumentFragment>
  .c2 {
  display: -webkit-box;
  display: -webkit-flex;
  display: -ms-flexbox;
  display: flex;
  gap: 2px;
  position: relative;
  top: 0;
  left: 0;
}

.c2 img {
  width: 16px;
  height: 16px;
  border-radius: 50%;
}

.c3 {
  width: 8px;
  height: 16px;
  border-radius: 50%;
}

.c1 {
  display: -webkit-box;
  display: -webkit-flex;
  display: -ms-flexbox;
  display: flex;
  -webkit-align-items: center;
  -webkit-box-align: center;
  -ms-flex-align: center;
  align-items: center;
  position: relative;
  top: 0;
  left: 0;
}

.c0 {
  -webkit-text-decoration: none;
  text-decoration: none;
  -webkit-text-decoration: none;
  text-decoration: none;
  cursor: pointer;
  -webkit-transition-duration: 125ms;
  transition-duration: 125ms;
  color: #222222;
}

.c0:hover {
  opacity: 0.6;
}

.c0:active {
  opacity: 0.4;
}

<span
    class=""
    style="display: contents;"
  >
    <span
      class=" _dsp_contents"
    >
      <span
        class=" t_light _dsp_contents is_Theme"
      >
        <a
          class="c0"
          href="/explore/tokens/ethereum/0xa0b86991c6218b36c1d19d4a2e9eb0ce3606eb48"
        >
          <div
            class="_display-flex _alignItems-stretch _flexBasis-auto _boxSizing-border-box _position-relative _minHeight-0px _minWidth-0px _flexShrink-0 _flexDirection-row _gap-t-space-gap52 _maxWidth-68px"
          >
            <div
              class="c1"
            >
              <div
                class="_display-flex _alignItems-stretch _flexBasis-auto _boxSizing-border-box _minHeight-0px _minWidth-0px _flexShrink-0 _flexDirection-column _position-relative"
              >
                <div
                  class="c2"
                  size="16"
                >
                  <img
                    class="c3"
                    size="16"
                    src="https://raw.githubusercontent.com/Uniswap/assets/master/blockchains/ethereum/assets/0xA0b86991c6218b36c1d19D4a2e9Eb0cE3606eB48/logo.png"
                  />
                </div>
              </div>
            </div>
            <span
              class="font_body _display-inline _boxSizing-border-box _mt-0px _mr-0px _mb-0px _ml-0px _color-neutral1 _fontFamily-f-family _wordWrap-break-word _fontSize-f-size-medi3736 _lineHeight-f-lineHeigh507465454 _fontWeight-f-weight-bo3548 _whiteSpace-nowrap _overflowX-hidden _overflowY-hidden _textOverflow-ellipsis"
              data-disable-theme="true"
            >
              UNKNOWN
            </span>
          </div>
        </a>
      </span>
    </span>
  </span>
</DocumentFragment>
`;
