// Jest Snapshot v1, https://goo.gl/fbAQLP

exports[`PredefinedAmount renders correctly with amount= 100 , currentAmount= "1000" , disabled= false 1`] = `
.c0 {
  background-color: #FFFFFF;
  -webkit-user-select: none;
  -moz-user-select: none;
  -ms-user-select: none;
  user-select: none;
  cursor: pointer;
}

.c0:hover {
  background-color: #F5F5F5;
  border-color: rgba(34,34,34,0.12));
}

<span
  class=""
  style="display: contents;"
>
  <span
    class=" _dsp_contents"
  >
    <span
      class=" t_light _dsp_contents is_Theme"
    >
      <div
        class="_display-flex _flexBasis-auto _boxSizing-border-box _position-relative _minHeight-0px _minWidth-0px _flexShrink-0 _alignItems-center _borderTopLeftRadius-t-radius-ro1041013639 _borderTopRightRadius-t-radius-ro1041013639 _borderBottomRightRadius-t-radius-ro1041013639 _borderBottomLeftRadius-t-radius-ro1041013639 _borderTopWidth-1px _borderRightWidth-1px _borderBottomWidth-1px _borderLeftWidth-1px _flexDirection-row _gap-t-space-spa94665593 _justifyContent-center _pr-t-space-spa1360334076 _pl-t-space-spa1360334076 _pt-t-space-spa94665593 _pb-t-space-spa94665593 _borderBottomStyle-solid _borderTopStyle-solid _borderLeftStyle-solid _borderRightStyle-solid c0"
        style="border-color: rgba(34,34,34,0.05);"
      >
        <span
          class="font_button _display-inline _boxSizing-border-box _whiteSpace-pre-wrap _mt-0px _mr-0px _mb-0px _ml-0px _color-neutral1 _fontFamily-f-family _wordWrap-break-word _fontSize-f-size-medi3736 _lineHeight-f-lineHeigh507465454 _fontWeight-f-weight-me3083741"
          data-disable-theme="true"
          style="color: rgb(125, 125, 125); padding-top: 1px;"
        >
          $100
        </span>
      </div>
    </span>
  </span>
</span>
`;

exports[`PredefinedAmount renders correctly with amount= 300 , currentAmount= "1000" , disabled= true 1`] = `
.c0 {
  background-color: #F9F9F9;
  -webkit-user-select: none;
  -moz-user-select: none;
  -ms-user-select: none;
  user-select: none;
}

<span
  class=""
  style="display: contents;"
>
  <span
    class=" _dsp_contents"
  >
    <span
      class=" t_light _dsp_contents is_Theme"
    >
      <div
        aria-disabled="true"
        class="_display-flex _flexBasis-auto _boxSizing-border-box _position-relative _minHeight-0px _minWidth-0px _flexShrink-0 _alignItems-center _borderTopLeftRadius-t-radius-ro1041013639 _borderTopRightRadius-t-radius-ro1041013639 _borderBottomRightRadius-t-radius-ro1041013639 _borderBottomLeftRadius-t-radius-ro1041013639 _borderTopWidth-1px _borderRightWidth-1px _borderBottomWidth-1px _borderLeftWidth-1px _flexDirection-row _gap-t-space-spa94665593 _justifyContent-center _pr-t-space-spa1360334076 _pl-t-space-spa1360334076 _pt-t-space-spa94665593 _pb-t-space-spa94665593 _borderBottomStyle-solid _borderTopStyle-solid _borderLeftStyle-solid _borderRightStyle-solid c0"
        style="border-color: rgba(34,34,34,0.05);"
      >
        <span
          class="font_button _display-inline _boxSizing-border-box _whiteSpace-pre-wrap _mt-0px _mr-0px _mb-0px _ml-0px _color-neutral1 _fontFamily-f-family _wordWrap-break-word _fontSize-f-size-medi3736 _lineHeight-f-lineHeigh507465454 _fontWeight-f-weight-me3083741"
          data-disable-theme="true"
          style="color: rgb(191, 191, 191); padding-top: 1px;"
        >
          $300
        </span>
      </div>
    </span>
  </span>
</span>
`;

exports[`PredefinedAmount renders correctly with amount= 1000 , currentAmount= "1000" , disabled= false 1`] = `
.c0 {
  background-color: #22222212;
  -webkit-user-select: none;
  -moz-user-select: none;
  -ms-user-select: none;
  user-select: none;
  cursor: pointer;
}

.c0:hover {
  background-color: rgba(34,34,34,0.12));
  border-color: rgba(34,34,34,0.12));
}

<span
  class=""
  style="display: contents;"
>
  <span
    class=" _dsp_contents"
  >
    <span
      class=" t_light _dsp_contents is_Theme"
    >
      <div
        class="_display-flex _flexBasis-auto _boxSizing-border-box _position-relative _minHeight-0px _minWidth-0px _flexShrink-0 _alignItems-center _borderTopLeftRadius-t-radius-ro1041013639 _borderTopRightRadius-t-radius-ro1041013639 _borderBottomRightRadius-t-radius-ro1041013639 _borderBottomLeftRadius-t-radius-ro1041013639 _borderTopWidth-1px _borderRightWidth-1px _borderBottomWidth-1px _borderLeftWidth-1px _flexDirection-row _gap-t-space-spa94665593 _justifyContent-center _pr-t-space-spa1360334076 _pl-t-space-spa1360334076 _pt-t-space-spa94665593 _pb-t-space-spa94665593 _borderBottomStyle-solid _borderTopStyle-solid _borderLeftStyle-solid _borderRightStyle-solid c0"
        style="border-color: rgba(34,34,34,0.05);"
      >
        <span
          class="font_button _display-inline _boxSizing-border-box _whiteSpace-pre-wrap _mt-0px _mr-0px _mb-0px _ml-0px _color-neutral1 _fontFamily-f-family _wordWrap-break-word _fontSize-f-size-medi3736 _lineHeight-f-lineHeigh507465454 _fontWeight-f-weight-me3083741"
          data-disable-theme="true"
          style="color: rgb(34, 34, 34); padding-top: 1px;"
        >
          $1000
        </span>
      </div>
    </span>
  </span>
</span>
`;

exports[`PredefinedAmount renders correctly with amount= 1000 , currentAmount= "1000" , disabled= true 1`] = `
.c0 {
  background-color: #F9F9F9;
  -webkit-user-select: none;
  -moz-user-select: none;
  -ms-user-select: none;
  user-select: none;
}

<span
  class=""
  style="display: contents;"
>
  <span
    class=" _dsp_contents"
  >
    <span
      class=" t_light _dsp_contents is_Theme"
    >
      <div
        aria-disabled="true"
        class="_display-flex _flexBasis-auto _boxSizing-border-box _position-relative _minHeight-0px _minWidth-0px _flexShrink-0 _alignItems-center _borderTopLeftRadius-t-radius-ro1041013639 _borderTopRightRadius-t-radius-ro1041013639 _borderBottomRightRadius-t-radius-ro1041013639 _borderBottomLeftRadius-t-radius-ro1041013639 _borderTopWidth-1px _borderRightWidth-1px _borderBottomWidth-1px _borderLeftWidth-1px _flexDirection-row _gap-t-space-spa94665593 _justifyContent-center _pr-t-space-spa1360334076 _pl-t-space-spa1360334076 _pt-t-space-spa94665593 _pb-t-space-spa94665593 _borderBottomStyle-solid _borderTopStyle-solid _borderLeftStyle-solid _borderRightStyle-solid c0"
        style="border-color: rgba(34,34,34,0.05);"
      >
        <span
          class="font_button _display-inline _boxSizing-border-box _whiteSpace-pre-wrap _mt-0px _mr-0px _mb-0px _ml-0px _color-neutral1 _fontFamily-f-family _wordWrap-break-word _fontSize-f-size-medi3736 _lineHeight-f-lineHeigh507465454 _fontWeight-f-weight-me3083741"
          data-disable-theme="true"
          style="color: rgb(191, 191, 191); padding-top: 1px;"
        >
          $1000
        </span>
      </div>
    </span>
  </span>
</span>
`;
