// Jest Snapshot v1, https://goo.gl/fbAQLP

exports[`ProviderConnectionError should render the component and call callbacks 1`] = `
.c0 {
  color: #7D7D7D;
  cursor: pointer;
  -webkit-text-decoration: none;
  text-decoration: none;
  cursor: pointer;
  -webkit-transition-duration: 125ms;
  transition-duration: 125ms;
}

.c0:hover {
  opacity: 0.6;
}

.c0:active {
  opacity: 0.4;
}

<span
  class=""
  style="display: contents;"
>
  <span
    class=" _dsp_contents"
  >
    <span
      class=" t_light _dsp_contents is_Theme"
    >
      <div
        class="_pr-_sm_t-space-spa94665593 _pl-_sm_t-space-spa94665593 _pb-_sm_t-space-spa1360334076 _display-flex _alignItems-stretch _flexBasis-auto _boxSizing-border-box _minHeight-0px _minWidth-0px _flexShrink-0 _flexDirection-column _gap-t-space-spa1360334076 _position-relative"
      >
        <svg
          style="position: absolute; z-index: 0; color: rgb(125, 125, 125);"
        >
          for-connecting-v2.svg
        </svg>
        <div
          class="_display-flex _alignItems-stretch _flexBasis-auto _boxSizing-border-box _minHeight-0px _minWidth-0px _flexShrink-0 _flexDirection-column _position-absolute _zIndex-1 _width-10037 _height-10037 _top-0px _left-0px _background-radial-grad1116705115"
        />
        <div
          class="_display-flex _flexBasis-auto _boxSizing-border-box _position-relative _minHeight-0px _minWidth-0px _flexShrink-0 _flexDirection-row-reverse _alignItems-center _justifyContent-space-betwe3241 _zIndex-2"
        >
          <svg
            class="c0"
            data-testid="ConnectingViewWrapper-close"
            fill="none"
            height="24"
            stroke="currentColor"
            stroke-linecap="round"
            stroke-linejoin="round"
            stroke-width="2"
            viewBox="0 0 24 24"
            width="24"
            xmlns="http://www.w3.org/2000/svg"
          >
            <line
              x1="18"
              x2="6"
              y1="6"
              y2="18"
            />
            <line
              x1="6"
              x2="18"
              y1="6"
              y2="18"
            />
          </svg>
          <svg
            cursor="pointer"
            data-testid="ConnectingViewWrapper-back"
            fill="#7D7D7D"
            height="24"
            stroke="currentColor"
            stroke-linecap="round"
            stroke-linejoin="round"
            stroke-width="2"
            viewBox="0 0 24 24"
            width="24"
            xmlns="http://www.w3.org/2000/svg"
          >
            <line
              x1="19"
              x2="5"
              y1="12"
              y2="12"
            />
            <polyline
              points="12 19 5 12 12 5"
            />
          </svg>
        </div>
        <div
          class="_display-flex _alignItems-stretch _flexBasis-auto _boxSizing-border-box _position-relative _minHeight-0px _minWidth-0px _flexShrink-0 _flexDirection-column _mt-t-space-spa1360333989 _zIndex-2 _width-10037 _height-10037"
        >
          <div
            class="_display-flex _flexBasis-auto _boxSizing-border-box _position-relative _minHeight-0px _minWidth-0px _flexShrink-0 _flexDirection-column _alignItems-center _gap-t-space-spa1360334014"
          >
            <div
              class="_display-flex _alignItems-stretch _flexBasis-auto _boxSizing-border-box _position-relative _minHeight-0px _minWidth-0px _flexShrink-0 _flexDirection-row _gap-t-space-spa1360334076"
            >
              <div
                class="_display-flex _flexBasis-auto _boxSizing-border-box _position-relative _minHeight-0px _minWidth-0px _flexShrink-0 _flexDirection-column _alignItems-center _justifyContent-center"
                style="background-color: rgb(255, 239, 248); border-radius: 20px; height: 90px; width: 90px;"
              >
                <div
                  class="css-view-175oi2r r-flexBasis-1mlwlqe r-overflow-1udh08x r-zIndex-417010"
                  style="height: 64px; width: 64px;"
                >
                  <div
                    class="css-view-175oi2r r-backgroundColor-1niwhzg r-backgroundPosition-vvn4in r-backgroundRepeat-u6sd8q r-bottom-1p0dtai r-height-1pi2tsx r-left-1d2f490 r-position-u8s1d r-right-zchlnj r-top-ipm5af r-width-13qz1uu r-zIndex-1wyyakw r-backgroundSize-4gszlv"
                    style="background-image: url(uniswap-logo-large.png);"
                  />
                  <img
                    alt=""
                    class="css-accessibilityImage-9pa8cd"
                    draggable="false"
                    src="uniswap-logo-large.png"
                  />
                </div>
              </div>
              <img
                height="120"
                src="test-provider-logo-light"
                style="background-color: rgb(255, 239, 248); border-radius: 20px; height: 90px; width: 90px;"
                width="120"
              />
            </div>
            <div
              class="_display-flex _alignItems-center _flexBasis-auto _boxSizing-border-box _position-relative _minHeight-0px _minWidth-0px _flexShrink-0 _flexDirection-column _justifyContent-center _gap-t-space-spa94665593"
            >
              <span
                class="font_subHeading _display-inline _boxSizing-border-box _whiteSpace-pre-wrap _mt-0px _mr-0px _mb-0px _ml-0px _color-statusCriti98254 _fontFamily-f-family _wordWrap-break-word _fontSize-f-size-larg101 _lineHeight-f-lineHeigh1262266530 _fontWeight-f-weight-bo3548"
                data-disable-theme="true"
              >
                Connection failed
              </span>
              <span
                class="font_body _display-inline _boxSizing-border-box _whiteSpace-pre-wrap _mt-0px _mr-0px _mb-0px _ml-0px _color-neutral2 _fontFamily-f-family _wordWrap-break-word _fontSize-f-size-medi3736 _lineHeight-f-lineHeigh507465454 _fontWeight-f-weight-bo3548 _textAlign-center"
                data-disable-theme="true"
              >
                Something went wrong connecting with Test Provider.
              </span>
            </div>
            <span
              class="t_sub_theme t_primary_Button _dsp_contents is_Theme"
            >
              <button
                class="is_Button _backgroundColor-0hover-accent3Hove112785 _backgroundColor-0active-backgroundP3496915 _opacity-0active-0--7 _display-flex _flexBasis-auto _boxSizing-border-box _position-relative _minHeight-0px _minWidth-0px _flexShrink-0 _borderTopWidth-1px _borderRightWidth-1px _borderBottomWidth-1px _borderLeftWidth-1px _flexDirection-row _alignItems-center _justifyContent-center _borderTopColor-borderColor _borderRightColor-borderColor _borderBottomColor-borderColor _borderLeftColor-borderColor _cursor-pointer _height-auto _pt-t-space-spa1360334080 _pr-t-space-spa1360334080 _pb-t-space-spa1360334080 _pl-t-space-spa1360334080 _borderTopLeftRadius-t-radius-ro291586449 _borderTopRightRadius-t-radius-ro291586449 _borderBottomRightRadius-t-radius-ro291586449 _borderBottomLeftRadius-t-radius-ro291586449 _gap-t-space-spa94665593 _backgroundColor-accent3 _width-10037 _borderBottomStyle-solid _borderTopStyle-solid _borderLeftStyle-solid _borderRightStyle-solid"
                data-disable-theme="true"
              >
                Try again
              </button>
            </span>
          </div>
        </div>
      </div>
    </span>
  </span>
</span>
`;
