// Jest Snapshot v1, https://goo.gl/fbAQLP

exports[`renders selection circle 1`] = `
<View
  style={
    {
      "alignItems": "center",
      "borderBottomColor": {
        "dynamic": {
          "dark": "#FC72FF",
          "light": "#FC72FF",
        },
      },
      "borderBottomLeftRadius": 999999,
      "borderBottomRightRadius": 999999,
      "borderBottomWidth": 1,
      "borderLeftColor": {
        "dynamic": {
          "dark": "#FC72FF",
          "light": "#FC72FF",
        },
      },
      "borderLeftWidth": 1,
      "borderRightColor": {
        "dynamic": {
          "dark": "#FC72FF",
          "light": "#FC72FF",
        },
      },
      "borderRightWidth": 1,
      "borderStyle": "solid",
      "borderTopColor": {
        "dynamic": {
          "dark": "#FC72FF",
          "light": "#FC72FF",
        },
      },
      "borderTopLeftRadius": 999999,
      "borderTopRightRadius": 999999,
      "borderTopWidth": 1,
      "flexDirection": "column",
      "height": 20,
      "justifyContent": "center",
      "width": 20,
    }
  }
>
  <View
    style={
      {
        "backgroundColor": {
          "dynamic": {
            "dark": "#FC72FF",
            "light": "#FC72FF",
          },
        },
        "borderBottomLeftRadius": 999999,
        "borderBottomRightRadius": 999999,
        "borderTopLeftRadius": 999999,
        "borderTopRightRadius": 999999,
        "flexDirection": "column",
        "height": 10,
        "opacity": 1,
        "width": 10,
      }
    }
  />
</View>
`;
