// Jest Snapshot v1, https://goo.gl/fbAQLP

exports[`CopyTextButton renders without error 1`] = `
<View
  style={
    {
      "alignItems": "center",
      "backgroundColor": {
        "dynamic": {
          "dark": "rgba(255,255,255,0.12)",
          "light": "rgba(34,34,34,0.05)",
        },
      },
      "borderBottomColor": {
        "dynamic": {
          "dark": "transparent",
          "light": "transparent",
        },
      },
      "borderBottomLeftRadius": 16,
      "borderBottomRightRadius": 16,
      "borderBottomWidth": 1,
      "borderLeftColor": {
        "dynamic": {
          "dark": "transparent",
          "light": "transparent",
        },
      },
      "borderLeftWidth": 1,
      "borderRightColor": {
        "dynamic": {
          "dark": "transparent",
          "light": "transparent",
        },
      },
      "borderRightWidth": 1,
      "borderStyle": "solid",
      "borderTopColor": {
        "dynamic": {
          "dark": "transparent",
          "light": "transparent",
        },
      },
      "borderTopLeftRadius": 16,
      "borderTopRightRadius": 16,
      "borderTopWidth": 1,
      "flexDirection": "row",
      "gap": 8,
      "height": "auto",
      "justifyContent": "center",
      "opacity": 1,
      "paddingBottom": 12,
      "paddingLeft": 12,
      "paddingRight": 12,
      "paddingTop": 12,
    }
  }
>
  <svg
    color={
      {
        "dynamic": {
          "dark": "#FFFFFF",
          "light": "#222222",
        },
      }
    }
    data-file-name="SvgCopySheets"
    height={20}
    size={20}
    width={20}
  />
  <Text
    maxFontSizeMultiplier={1.2}
    style={
      {
        "color": {
          "dynamic": {
            "dark": "#FFFFFF",
            "light": "#222222",
          },
        },
        "fontFamily": "Basel Grotesk",
        "fontSize": 19,
        "fontWeight": "500",
        "lineHeight": 21.849999999999998,
      }
    }
    suppressHighlighting={true}
  >
    Copy
  </Text>
</View>
`;
