// Jest Snapshot v1, https://goo.gl/fbAQLP

exports[`LinkButton renders without error 1`] = `
<View
  hitSlop={
    {
      "bottom": 5,
      "left": 5,
      "right": 5,
      "top": 5,
    }
  }
  style={
    {
      "flexDirection": "column",
      "opacity": 1,
      "transform": [
        {
          "scale": 1,
        },
      ],
    }
  }
>
  <View
    style={
      {
        "alignItems": "center",
        "flexDirection": "row",
        "gap": 4,
        "justifyContent": "center",
      }
    }
  >
    <Text
      allowFontScaling={true}
      style={
        {
          "color": {
            "dynamic": {
              "dark": "#FFFFFF",
              "light": "#222222",
            },
          },
          "flexShrink": 1,
          "fontFamily": "Basel Grotesk",
        }
      }
      suppressHighlighting={true}
    >
      link text
    </Text>
    <svg
      color={
        {
          "dynamic": {
            "dark": "#FC72FF",
            "light": "#FC72FF",
          },
        }
      }
      data-file-name="SvgExternalLink"
      height={20}
      strokeWidth={1.5}
      width={20}
    />
  </View>
</View>
`;
