// Jest Snapshot v1, https://goo.gl/fbAQLP

exports[`NewUserCTAButton displays a button with call to action text and icons 1`] = `
<div>
  <span
    class=""
    style="display: contents;"
  >
    <span
      class=" _dsp_contents"
    >
      <span
        class=" t_light _dsp_contents is_Theme"
      >
        <span
          class="t_sub_theme t_primary_Button _dsp_contents is_Theme"
        >
          <button
            class="is_Button _backgroundColor-0hover-surface2 _backgroundColor-0active-surface2 _opacity-0active-0--7 _display-flex _flexBasis-auto _boxSizing-border-box _position-relative _minHeight-0px _minWidth-0px _flexShrink-0 _flexDirection-row _justifyContent-center _borderTopColor-surface3 _borderRightColor-surface3 _borderBottomColor-surface3 _borderLeftColor-surface3 _cursor-pointer _pt-t-space-spa1360334080 _pr-t-space-spa1360334080 _pb-t-space-spa1360334080 _pl-t-space-spa1360334080 _borderTopLeftRadius-t-radius-ro291586424 _borderTopRightRadius-t-radius-ro291586424 _borderBottomRightRadius-t-radius-ro291586424 _borderBottomLeftRadius-t-radius-ro291586424 _gap-t-space-spa94665593 _height-40px _borderTopWidth-t-space-spa94665586 _borderRightWidth-t-space-spa94665586 _borderBottomWidth-t-space-spa94665586 _borderLeftWidth-t-space-spa94665586 _borderTopStyle-solid _borderRightStyle-solid _borderBottomStyle-solid _borderLeftStyle-solid _alignItems-center _backgroundColor-surface1 is_Button "
            data-disable-theme="true"
          >
            <span
              class="font_button _display-inline _boxSizing-border-box _mt-0px _mr-0px _mb-0px _ml-0px _color-neutral1 _fontFamily-f-family _wordWrap-break-word _fontSize-f-size-smal108 _lineHeight-f-lineHeigh1269072494 _fontWeight-f-weight-me3083741 _whiteSpace-nowrap"
              data-disable-theme="true"
            >
              Get the app
            </span>
          </button>
        </span>
      </span>
    </span>
  </span>
</div>
`;
