// Jest Snapshot v1, https://goo.gl/fbAQLP

exports[`renders trait card 1`] = `
<View
  style={
    {
      "backgroundColor": {
        "dynamic": {
          "dark": "rgba(255,255,255,0.12)",
          "light": "rgba(34,34,34,0.05)",
        },
      },
      "borderBottomLeftRadius": 16,
      "borderBottomRightRadius": 16,
      "borderTopLeftRadius": 16,
      "borderTopRightRadius": 16,
      "flexDirection": "column",
      "gap": 4,
      "paddingBottom": 12,
      "paddingLeft": 16,
      "paddingRight": 16,
      "paddingTop": 12,
    }
  }
>
  <Text
    allowFontScaling={true}
    maxFontSizeMultiplier={1.2}
    style={
      {
        "color": {
          "dynamic": {
            "dark": "#9B9B9B",
            "light": "#7D7D7D",
          },
        },
        "fontFamily": "Basel Grotesk",
        "fontSize": 17,
        "fontWeight": "500",
        "lineHeight": 19.549999999999997,
      }
    }
    suppressHighlighting={true}
  >
    traitName
  </Text>
  <Text
    allowFontScaling={true}
    maxFontSizeMultiplier={1.4}
    style={
      {
        "color": {
          "dynamic": {
            "dark": "#FFFFFF",
            "light": "#222222",
          },
        },
        "fontFamily": "Basel Grotesk",
        "fontSize": 17,
        "fontWeight": "400",
        "lineHeight": 24,
      }
    }
    suppressHighlighting={true}
  >
    traitValue
  </Text>
</View>
`;
