// Jest Snapshot v1, https://goo.gl/fbAQLP

exports[`RestoreCloudBackupPasswordScreen renders correctly 1`] = `
<View
  sentry-label="Screen"
  style={
    {
      "backgroundColor": {
        "dynamic": {
          "dark": "#131313",
          "light": "#FFFFFF",
        },
      },
      "flex": 1,
      "flexDirection": "column",
      "paddingLeft": undefined,
      "paddingRight": undefined,
      "paddingTop": 200,
    }
  }
>
  <View
    onLayout={[Function]}
    style={
      [
        [
          {
            "flex": 1,
            "justifyContent": "flex-end",
          },
          {
            "marginBottom": undefined,
          },
        ],
        {
          "paddingBottom": 0,
        },
      ]
    }
  >
    <View
      collapsable={false}
      entering={[Function]}
      exiting={[Function]}
      jestAnimatedStyle={
        {
          "value": {},
        }
      }
      style={
        {
          "flexDirection": "column",
          "flexGrow": 1,
          "gap": 16,
          "paddingBottom": 16,
          "paddingLeft": 16,
          "paddingRight": 16,
        }
      }
    >
      <View
        style={
          {
            "alignItems": "center",
            "flexDirection": "column",
            "gap": 8,
            "justifyContent": "center",
            "marginBottom": 12,
            "marginLeft": 12,
            "marginRight": 12,
            "marginTop": 12,
          }
        }
      >
        <View
          style={
            {
              "alignItems": "center",
              "flexDirection": "column",
              "justifyContent": "center",
              "marginBottom": 4,
            }
          }
        >
          <View
            style={
              {
                "alignItems": "center",
                "backgroundColor": {
                  "dynamic": {
                    "dark": "rgba(255,255,255,0.12)",
                    "light": "rgba(34,34,34,0.05)",
                  },
                },
                "borderBottomLeftRadius": 8,
                "borderBottomRightRadius": 8,
                "borderTopLeftRadius": 8,
                "borderTopRightRadius": 8,
                "flexDirection": "column",
                "justifyContent": "center",
                "paddingBottom": 12,
                "paddingLeft": 12,
                "paddingRight": 12,
                "paddingTop": 12,
              }
            }
          >
            <RNSVGSvgView
              align="xMidYMid"
              bbHeight={18}
              bbWidth={18}
              fill="none"
              focusable={false}
              meetOrSlice={0}
              minX={0}
              minY={0}
              strokeWidth={8}
              style={
                [
                  {
                    "backgroundColor": "transparent",
                    "borderWidth": 0,
                  },
                  {
                    "color": "#222222",
                    "height": 18,
                    "width": 18,
                  },
                  {
                    "flex": 0,
                    "height": 18,
                    "width": 18,
                  },
                ]
              }
              tintColor="#222222"
              vbHeight={16}
              vbWidth={16}
            >
              <RNSVGGroup
                fill={null}
                propList={
                  [
                    "fill",
                    "strokeWidth",
                  ]
                }
                strokeWidth={8}
              >
                <RNSVGPath
                  d="M9.26896 5.06732L9.26891 5.06728C8.50684 4.3958 7.50577 3.9872 6.4091 3.9872C4.01716 3.9872 2.07829 5.92607 2.07829 8.318C2.07829 10.7099 4.01716 12.6488 6.4091 12.6488H10.5455C12.4092 12.6488 13.9217 11.1363 13.9217 9.27255C13.9217 7.4088 12.4092 5.89629 10.5455 5.89629C10.3683 5.89629 10.1951 5.90917 10.023 5.9349C9.81109 5.61321 9.55717 5.32144 9.26896 5.06732Z"
                  fill={
                    {
                      "type": 2,
                    }
                  }
                  propList={
                    [
                      "fill",
                      "stroke",
                      "strokeWidth",
                    ]
                  }
                  stroke={
                    {
                      "type": 2,
                    }
                  }
                  strokeWidth="0.388889"
                />
              </RNSVGGroup>
            </RNSVGSvgView>
          </View>
        </View>
        <Text
          allowFontScaling={false}
          maxFontSizeMultiplier={1.4}
          style={
            {
              "color": {
                "dynamic": {
                  "dark": "#FFFFFF",
                  "light": "#222222",
                },
              },
              "fontFamily": "Basel Grotesk",
              "fontSize": 19,
              "fontWeight": "400",
              "lineHeight": 24,
              "paddingTop": 0,
              "textAlign": "center",
            }
          }
          suppressHighlighting={true}
        >
          Enter backup password
        </Text>
        <Text
          allowFontScaling={true}
          maxFontSizeMultiplier={1.4}
          style={
            {
              "color": {
                "dynamic": {
                  "dark": "#9B9B9B",
                  "light": "#7D7D7D",
                },
              },
              "fontFamily": "Basel Grotesk",
              "fontSize": 17,
              "fontWeight": "400",
              "lineHeight": 24,
              "textAlign": "center",
            }
          }
          suppressHighlighting={true}
        >
          This password is required to recover your recovery phrase backup from iCloud.
        </Text>
      </View>
      <View
        style={
          {
            "flex": 1,
            "flexDirection": "column",
            "flexGrow": 1,
            "justifyContent": "space-between",
          }
        }
      >
        <View
          style={
            {
              "flexDirection": "column",
            }
          }
        >
          <View
            style={
              {
                "alignItems": "center",
                "backgroundColor": {
                  "dynamic": {
                    "dark": "#131313",
                    "light": "#FFFFFF",
                  },
                },
                "borderBottomColor": {
                  "dynamic": {
                    "dark": "rgba(255,255,255,0.12)",
                    "light": "rgba(34,34,34,0.05)",
                  },
                },
                "borderBottomLeftRadius": 16,
                "borderBottomRightRadius": 16,
                "borderBottomWidth": 1,
                "borderLeftColor": {
                  "dynamic": {
                    "dark": "rgba(255,255,255,0.12)",
                    "light": "rgba(34,34,34,0.05)",
                  },
                },
                "borderLeftWidth": 1,
                "borderRightColor": {
                  "dynamic": {
                    "dark": "rgba(255,255,255,0.12)",
                    "light": "rgba(34,34,34,0.05)",
                  },
                },
                "borderRightWidth": 1,
                "borderStyle": "solid",
                "borderTopColor": {
                  "dynamic": {
                    "dark": "rgba(255,255,255,0.12)",
                    "light": "rgba(34,34,34,0.05)",
                  },
                },
                "borderTopLeftRadius": 16,
                "borderTopRightRadius": 16,
                "borderTopWidth": 1,
                "flexDirection": "row",
                "justifyContent": "center",
                "paddingBottom": 4,
                "paddingLeft": 4,
                "paddingRight": 4,
                "paddingTop": 4,
              }
            }
          >
            <View
              collapsable={false}
              jestAnimatedStyle={
                {
                  "value": {},
                }
              }
              style={
                {
                  "alignItems": "center",
                  "flex": 1,
                  "flexDirection": "row",
                  "flexGrow": 1,
                  "minHeight": 48,
                }
              }
            >
              <TextInput
                autoCapitalize="none"
                autoComplete="off"
                autoCorrect={false}
                autoFocus={true}
                blurOnSubmit={false}
                clearTextOnFocus={false}
                editable={true}
                focusVisibleStyle={{}}
                focusable={true}
                onChangeText={[Function]}
                onSubmitEditing={[Function]}
                placeholder="Enter password"
                placeholderTextColor={
                  {
                    "dynamic": {
                      "dark": "#5E5E5E",
                      "light": "#BFBFBF",
                    },
                  }
                }
                returnKeyType="done"
                secureTextEntry={true}
                selectionColor="#BFBFBF"
                style={
                  {
                    "backgroundColor": {
                      "dynamic": {
                        "dark": "transparent",
                        "light": "transparent",
                      },
                    },
                    "borderBottomColor": {
                      "dynamic": {
                        "dark": "transparent",
                        "light": "transparent",
                      },
                    },
                    "borderBottomLeftRadius": 12,
                    "borderBottomRightRadius": 12,
                    "borderBottomWidth": 0,
                    "borderLeftColor": {
                      "dynamic": {
                        "dark": "transparent",
                        "light": "transparent",
                      },
                    },
                    "borderLeftWidth": 0,
                    "borderRightColor": {
                      "dynamic": {
                        "dark": "transparent",
                        "light": "transparent",
                      },
                    },
                    "borderRightWidth": 0,
                    "borderStyle": "solid",
                    "borderTopColor": {
                      "dynamic": {
                        "dark": "transparent",
                        "light": "transparent",
                      },
                    },
                    "borderTopLeftRadius": 12,
                    "borderTopRightRadius": 12,
                    "borderTopWidth": 0,
                    "color": {
                      "dynamic": {
                        "dark": "#FFFFFF",
                        "light": "#222222",
                      },
                    },
                    "flex": 1,
                    "fontFamily": "Basel Grotesk",
                    "fontSize": 17,
                    "fontWeight": "400",
                    "height": "auto",
                    "minWidth": 0,
                    "paddingBottom": 20,
                    "paddingLeft": 16,
                    "paddingRight": 16,
                    "paddingTop": 20,
                  }
                }
                textContentType="none"
                value=""
              />
              <View
                collapsable={false}
                jestAnimatedStyle={
                  {
                    "value": {},
                  }
                }
                style={
                  {
                    "flexDirection": "column",
                    "marginLeft": 12,
                    "marginRight": 12,
                  }
                }
              >
                <View
                  hitSlop={
                    {
                      "bottom": 5,
                      "left": 5,
                      "right": 5,
                      "top": 5,
                    }
                  }
                  style={
                    {
                      "flexDirection": "column",
                      "opacity": 1,
                      "paddingBottom": 4,
                      "paddingLeft": 4,
                      "paddingRight": 4,
                      "paddingTop": 4,
                      "transform": [
                        {
                          "scale": 1,
                        },
                      ],
                    }
                  }
                >
                  <svg
                    color={
                      {
                        "dynamic": {
                          "dark": "#9B9B9B",
                          "light": "#7D7D7D",
                        },
                      }
                    }
                    data-file-name="SvgEyeOff"
                    height={20}
                    width={20}
                  />
                </View>
              </View>
            </View>
          </View>
        </View>
        <View
          style={
            {
              "flexDirection": "column",
            }
          }
        >
          <View
            pointerEvents="none"
            style={
              {
                "alignItems": "center",
                "backgroundColor": {
                  "dynamic": {
                    "dark": "#FC72FF",
                    "light": "#FC72FF",
                  },
                },
                "borderBottomColor": {
                  "dynamic": {
                    "dark": "transparent",
                    "light": "transparent",
                  },
                },
                "borderBottomLeftRadius": 16,
                "borderBottomRightRadius": 16,
                "borderBottomWidth": 1,
                "borderLeftColor": {
                  "dynamic": {
                    "dark": "transparent",
                    "light": "transparent",
                  },
                },
                "borderLeftWidth": 1,
                "borderRightColor": {
                  "dynamic": {
                    "dark": "transparent",
                    "light": "transparent",
                  },
                },
                "borderRightWidth": 1,
                "borderStyle": "solid",
                "borderTopColor": {
                  "dynamic": {
                    "dark": "transparent",
                    "light": "transparent",
                  },
                },
                "borderTopLeftRadius": 16,
                "borderTopRightRadius": 16,
                "borderTopWidth": 1,
                "flexDirection": "row",
                "gap": 8,
                "height": "auto",
                "justifyContent": "center",
                "opacity": 0.4,
                "paddingBottom": 12,
                "paddingLeft": 12,
                "paddingRight": 12,
                "paddingTop": 12,
              }
            }
            testID="continue"
            userSelect="none"
          >
            <Text
              disabled={true}
              maxFontSizeMultiplier={1.2}
              style={
                {
                  "color": {
                    "dynamic": {
                      "dark": "#FFFFFF",
                      "light": "#FFFFFF",
                    },
                  },
                  "fontFamily": "Basel Grotesk",
                  "fontSize": 19,
                  "fontWeight": "500",
                  "lineHeight": 21.849999999999998,
                }
              }
              suppressHighlighting={true}
            >
              Continue
            </Text>
          </View>
        </View>
      </View>
    </View>
  </View>
</View>
`;
